// Jest Snapshot v1, https://goo.gl/fbAQLP

exports[`Dialog should render 1`] = `[Function]`;
