// Jest Snapshot v1, https://goo.gl/fbAQLP

exports[`Modal should render 1`] = `
Array [
  <div
    className="fixed w-full h-full bg-gray-900 o-50 z-9 top-0 left-0"
  />,
  <div
    className="fixed w-full h-full flex items-center justify-center z-10 top-0 left-0"
  >
    <div
      className="rounded-xl border border-gray-300 bg-white w-full p-8"
      style={
        Object {
          "maxWidth": "500px",
        }
      }
    >
      Content
    </div>
  </div>,
]
`;
