// Jest Snapshot v1, https://goo.gl/fbAQLP

exports[`Button should render 1`] = `
<div
  className="flex items-center justify-center gap-2 select-none p-3 rounded-lg cursor-pointer"
  onClick={null}
/>
`;
