// Jest Snapshot v1, https://goo.gl/fbAQLP

exports[`Dropdown should render 1`] = `
<div
  className="top-0 left-0 absolute mt-1"
>
  <div
    className="bg-white shadow-md w-56 p-3 rounded-lg flex flex-col gap-0"
  >
    <div
      className="flex items-center gap-2 rounded-md px-3 py-2 select-none hover:bg-gray-200 cursor-pointer"
      onClick={[Function]}
      tabIndex="0"
    >
      <div
        className="flex text-lg items-center text-gray-700"
      />
      <div
        className="flex items-center text-sm text-gray-700"
      >
        <span>
          Item 1
        </span>
      </div>
    </div>
    <div
      className="flex items-center gap-2 rounded-md px-3 py-2 select-none hover:bg-gray-200 cursor-pointer"
      onClick={[Function]}
      tabIndex="0"
    >
      <div
        className="flex text-lg items-center text-gray-700"
      />
      <div
        className="flex items-center text-sm text-gray-700"
      >
        <span>
          Item 2
        </span>
      </div>
    </div>
  </div>
</div>
`;
