// Jest Snapshot v1, https://goo.gl/fbAQLP

exports[`Modal should render 1`] = `
Array [
  <div
    className="position:fixed w:full h:full bg:dark-700 o:50 z:9 top:0 left:0"
  />,
  <div
    className="position:fixed w:full h:full d:flex items:center justify:center z:10 top:0 left:0"
  >
    <div
      className="r:xl bg:light-100 w:full p:8"
      style={
        Object {
          "maxWidth": "500px",
        }
      }
    >
      Content
    </div>
  </div>,
]
`;
